// Jest Snapshot v1, https://goo.gl/fbAQLP

exports[`should show Search  1`] = `<withRouter(Home) />`;
