// Jest Snapshot v1, https://goo.gl/fbAQLP

exports[`should take a snapshoot 1`] = `
<DocumentFragment>
  <ul
    class="paginator"
  />
</DocumentFragment>
`;
